2026-06-03 14:04:22,972 - INFO - ============================================================
2026-06-03 14:04:22,972 - INFO - SO SÁNH CNN vs LOGISTIC REGRESSION
2026-06-03 14:04:22,973 - INFO - ============================================================
2026-06-03 14:04:22,973 - INFO - Loading dataset from data/spam_clean.csv...
2026-06-03 14:04:23,370 - INFO - Dataset size: 5329
2026-06-03 14:04:23,374 - INFO - Label distribution:
label
0    3638
1    1691
2026-06-03 14:04:23,395 - INFO - Train: 4263, Test: 1066
2026-06-03 14:04:23,396 - INFO - 
--- CNN Model ---
2026-06-03 14:04:25,054 - INFO - CNN Accuracy: 0.9953
2026-06-03 14:04:25,054 - INFO - CNN ROC-AUC:  0.9998
2026-06-03 14:04:25,055 - INFO - CNN Confusion Matrix:
[[727   1]
 [  4 334]]
2026-06-03 14:04:25,055 - INFO - 
--- Logistic Regression ---
2026-06-03 14:04:25,856 - INFO - LR Accuracy: 0.9953
2026-06-03 14:04:25,857 - INFO - LR ROC-AUC:  0.9998
2026-06-03 14:04:25,857 - INFO - LR Confusion Matrix:
[[727   1]
 [  4 334]]
2026-06-03 14:04:25,857 - INFO - 
============================================================
2026-06-03 14:04:25,983 - INFO - ============================================================
2026-06-03 14:04:25,983 - INFO - Metric                             CNN           LR
2026-06-03 14:04:25,983 - INFO - --------------------------------------------------
2026-06-03 14:04:25,983 - INFO - Accuracy                        0.9953       0.9953
2026-06-03 14:04:25,984 - INFO - ROC-AUC                         0.9998       0.9998
2026-06-03 14:04:25,984 - INFO - Precision (Normal)              0.9945       0.9945
2026-06-03 14:04:25,984 - INFO - Recall (Normal)                 0.9986       0.9986
2026-06-03 14:04:25,984 - INFO - F1 (Normal)                     0.9966       0.9966
2026-06-03 14:04:25,984 - INFO - Precision (Spam)                0.9970       0.9970
2026-06-03 14:04:25,985 - INFO - Recall (Spam)                   0.9882       0.9882
2026-06-03 14:04:25,985 - INFO - F1 (Spam)                       0.9926       0.9926
2026-06-03 14:04:25,985 - INFO - False Positive                       1            1
2026-06-03 14:04:25,985 - INFO - False Negative                       4            4
2026-06-03 14:04:25,985 - INFO - Total Errors                         5            5
2026-06-03 14:04:26,729 - INFO - 
============================================================
2026-06-03 14:04:26,736 - INFO - Tuy nhiên, LR có ROC-AUC (0.9998) cao hõn CNN (0.9998).
2026-06-03 14:04:26,737 - INFO - ============================================================
2026-06-09 21:05:54,244 - INFO - ============================================================
2026-06-09 21:05:54,245 - INFO - SO SÁNH CNN vs FASTTEXT
2026-06-09 21:05:54,245 - INFO - ============================================================
2026-06-09 21:05:54,245 - INFO - Loading dataset from data/spam_clean.csv...
2026-06-09 21:05:56,886 - INFO - Dataset size: 3382
2026-06-09 21:05:56,891 - INFO - Label distribution:
label
0    1691
1    1691
2026-06-09 21:05:56,928 - INFO - Train: 2705, Test: 677
2026-06-09 21:05:56,928 - INFO - 
--- CNN Model ---
2026-06-09 21:05:58,248 - INFO - CNN Accuracy: 0.9911
2026-06-09 21:05:58,248 - INFO - CNN ROC-AUC:  0.9995
2026-06-09 21:05:58,249 - INFO - CNN Confusion Matrix:
[[335   4]
 [  2 336]]
2026-06-09 21:05:58,249 - INFO - 
--- fastText Model ---
2026-06-09 21:05:58,843 - INFO - fastText Accuracy: 0.9911
2026-06-09 21:05:58,843 - INFO - fastText ROC-AUC:  0.9996
2026-06-09 21:05:58,844 - INFO - fastText Confusion Matrix:
[[334   5]
 [  1 337]]
2026-06-09 21:05:58,844 - INFO - 
============================================================
2026-06-09 21:05:58,887 - INFO - ============================================================
2026-06-09 21:05:58,887 - INFO - Metric                             CNN     fastText
2026-06-09 21:05:58,887 - INFO - --------------------------------------------------
2026-06-09 21:05:58,887 - INFO - Accuracy                        0.9911       0.9911
2026-06-09 21:05:58,887 - INFO - ROC-AUC                         0.9995       0.9996
2026-06-09 21:05:58,888 - INFO - Precision (Normal)              0.9941       0.9970
2026-06-09 21:05:58,888 - INFO - Recall (Normal)                 0.9882       0.9853
2026-06-09 21:05:58,888 - INFO - F1 (Normal)                     0.9911       0.9911
2026-06-09 21:05:58,888 - INFO - Precision (Spam)                0.9882       0.9854
2026-06-09 21:05:58,888 - INFO - Recall (Spam)                   0.9941       0.9970
2026-06-09 21:05:58,888 - INFO - F1 (Spam)                       0.9912       0.9912
2026-06-09 21:05:58,888 - INFO - False Positive                       4            5
2026-06-09 21:05:58,888 - INFO - False Negative                       2            1
2026-06-09 21:05:58,888 - INFO - Total Errors                         6            6
2026-06-09 21:05:59,649 - INFO - 
============================================================
2026-06-09 21:05:59,650 - INFO - Tuy nhiên, fastText có ROC-AUC (0.9996) cao hõn CNN (0.9995).
2026-06-09 21:05:59,650 - INFO - ============================================================
