2026-04-21 22:01:27,162 - INFO - Loading cleaned dataset...
2026-04-21 22:02:10,599 - INFO - Loading cleaned dataset...
2026-04-21 22:02:10,896 - INFO - Dataset size: 5348
2026-04-21 22:02:10,901 - INFO - Label distribution:
label
0    3648
1    1700
2026-04-21 22:02:12,302 - INFO - Train size: 4278, Test size: 1070
2026-04-21 22:02:12,600 - INFO - Start training...
2026-04-21 22:02:47,318 - INFO - 
=== CLASSIFICATION REPORT ===
2026-04-21 22:02:47,325 - INFO - 
              precision    recall  f1-score   support

      Normal       0.99      0.99      0.99       741
        Spam       0.99      0.98      0.98       329

    accuracy                           0.99      1070
   macro avg       0.99      0.99      0.99      1070
weighted avg       0.99      0.99      0.99      1070

2026-04-21 22:02:47,325 - INFO - 
=== CONFUSION MATRIX ===
2026-04-21 22:02:47,329 - INFO - 
[[737   4]
 [  7 322]]
2026-04-21 22:02:47,393 - INFO - Model saved to model/cnn_model.h5
2026-04-21 22:02:47,514 - INFO - Tokenizer saved to model/tokenizer.pkl
2026-04-21 22:02:47,805 - INFO - Training charts saved to logs/charts/training_history.png
2026-04-21 22:02:47,806 - INFO - Training complete!
2026-04-21 22:27:48,195 - INFO - Loading cleaned dataset...
2026-04-21 22:27:48,517 - INFO - Dataset size: 5348
2026-04-21 22:27:48,523 - INFO - Label distribution:
label
0    3648
1    1700
2026-04-21 22:27:51,083 - INFO - Train size: 4278, Test size: 1070
2026-04-21 22:27:51,428 - INFO - Start training...
2026-04-21 22:28:44,415 - INFO - 
=== CLASSIFICATION REPORT ===
2026-04-21 22:28:44,427 - INFO - 
              precision    recall  f1-score   support

      Normal       0.99      0.99      0.99       741
        Spam       0.98      0.99      0.98       329

    accuracy                           0.99      1070
   macro avg       0.99      0.99      0.99      1070
weighted avg       0.99      0.99      0.99      1070

2026-04-21 22:28:44,428 - INFO - 
=== CONFUSION MATRIX ===
2026-04-21 22:28:44,432 - INFO - 
[[735   6]
 [  4 325]]
2026-04-21 22:28:44,502 - INFO - Model saved to model/cnn_model.h5
2026-04-21 22:28:44,618 - INFO - Tokenizer saved to model/tokenizer.pkl
2026-04-21 22:28:44,900 - INFO - Training charts saved to logs/charts/training_history.png
2026-04-21 22:28:44,900 - INFO - Training complete!
2026-04-22 13:43:49,500 - INFO - Loading cleaned dataset...
2026-04-22 13:43:49,983 - INFO - Dataset size: 5348
2026-04-22 13:43:49,988 - INFO - Label distribution:
label
0    3648
1    1700
2026-04-22 13:43:51,848 - INFO - Train size: 4278, Test size: 1070
2026-04-22 13:43:52,551 - INFO - Start training...
2026-04-22 13:44:31,601 - INFO - 
=== CLASSIFICATION REPORT ===
2026-04-22 13:44:31,613 - INFO - 
              precision    recall  f1-score   support

      Normal       0.99      0.99      0.99       741
        Spam       0.98      0.98      0.98       329

    accuracy                           0.99      1070
   macro avg       0.99      0.99      0.99      1070
weighted avg       0.99      0.99      0.99      1070

2026-04-22 13:44:31,613 - INFO - 
=== CONFUSION MATRIX ===
2026-04-22 13:44:31,617 - INFO - 
[[735   6]
 [  7 322]]
2026-04-22 13:44:31,802 - INFO - Model saved to model/cnn_model.h5
2026-04-22 13:44:31,977 - INFO - Tokenizer saved to model/tokenizer.pkl
2026-04-22 13:44:33,124 - INFO - Training charts saved to logs/charts/training_history.png
2026-04-22 13:44:33,124 - INFO - Training complete!
2026-05-27 14:28:04,714 - INFO - Loading cleaned dataset...
2026-05-27 14:28:05,300 - INFO - Dataset size: 5348
2026-05-27 14:28:05,316 - INFO - Label distribution:
label
0    3648
1    1700
2026-05-27 14:28:08,014 - INFO - Train size: 4278, Test size: 1070
2026-05-27 14:28:08,492 - INFO - Start training...
2026-05-27 14:29:19,227 - INFO - 
=== CLASSIFICATION REPORT ===
2026-05-27 14:29:19,240 - INFO - 
              precision    recall  f1-score   support

      Normal       0.99      0.99      0.99       741
        Spam       0.98      0.97      0.98       329

    accuracy                           0.99      1070
   macro avg       0.99      0.98      0.98      1070
weighted avg       0.99      0.99      0.99      1070

2026-05-27 14:29:19,240 - INFO - 
=== CONFUSION MATRIX ===
2026-05-27 14:29:19,245 - INFO - 
[[736   5]
 [ 10 319]]
2026-05-27 14:29:19,415 - INFO - Model saved to model/cnn_model.h5
2026-05-27 14:29:19,612 - INFO - Tokenizer saved to model/tokenizer.pkl
2026-05-27 14:29:20,331 - INFO - Training charts saved to logs/charts/training_history.png
2026-05-27 14:29:20,331 - INFO - Training complete!
2026-06-03 13:04:57,918 - INFO - Loading cleaned dataset...
2026-06-03 13:04:58,114 - INFO - Dataset size: 5329
2026-06-03 13:04:58,118 - INFO - Label distribution:
label
0    3638
1    1691
2026-06-03 13:04:59,003 - INFO - Train size: 4263, Test size: 1066
2026-06-03 13:04:59,105 - INFO - Model: "sequential"
+--------------------------------------------------------------------------+
| Layer (type)                    | Output Shape           |       Param # |
|---------------------------------+------------------------+---------------|
| embedding (Embedding)           | ?                      |   0 (unbuilt) |
|---------------------------------+------------------------+---------------|
| conv1d (Conv1D)                 | ?                      |   0 (unbuilt) |
|---------------------------------+------------------------+---------------|
| global_max_pooling1d            | ?                      |             0 |
| (GlobalMaxPooling1D)            |                        |               |
|---------------------------------+------------------------+---------------|
| dense (Dense)                   | ?                      |   0 (unbuilt) |
|---------------------------------+------------------------+---------------|
| dropout (Dropout)               | ?                      |             0 |
|---------------------------------+------------------------+---------------|
| dense_1 (Dense)                 | ?                      |   0 (unbuilt) |
+--------------------------------------------------------------------------+
 Total params: 0 (0.00 B)
 Trainable params: 0 (0.00 B)
 Non-trainable params: 0 (0.00 B)

2026-06-03 13:04:59,105 - INFO - Start training...
2026-06-03 13:05:18,063 - INFO - Loading cleaned dataset...
2026-06-03 13:05:18,243 - INFO - Dataset size: 5329
2026-06-03 13:05:18,243 - INFO - Label distribution:
label
0    3638
1    1691
2026-06-03 13:05:19,128 - INFO - Train size: 4263, Test size: 1066
2026-06-03 13:05:19,172 - INFO - Model: "sequential"
+--------------------------------------------------------------------------+
| Layer (type)                    | Output Shape           |       Param # |
|---------------------------------+------------------------+---------------|
| embedding (Embedding)           | ?                      |   0 (unbuilt) |
|---------------------------------+------------------------+---------------|
| conv1d (Conv1D)                 | ?                      |   0 (unbuilt) |
|---------------------------------+------------------------+---------------|
| global_max_pooling1d            | ?                      |             0 |
| (GlobalMaxPooling1D)            |                        |               |
|---------------------------------+------------------------+---------------|
| dense (Dense)                   | ?                      |   0 (unbuilt) |
|---------------------------------+------------------------+---------------|
| dropout (Dropout)               | ?                      |             0 |
|---------------------------------+------------------------+---------------|
| dense_1 (Dense)                 | ?                      |   0 (unbuilt) |
+--------------------------------------------------------------------------+
 Total params: 0 (0.00 B)
 Trainable params: 0 (0.00 B)
 Non-trainable params: 0 (0.00 B)

2026-06-03 13:05:19,172 - INFO - Start training...
2026-06-03 13:05:28,890 - INFO - 
=== CLASSIFICATION REPORT ===
2026-06-03 13:05:28,896 - INFO - 
              precision    recall  f1-score   support

      Normal       0.99      1.00      0.99       726
        Spam       0.99      0.99      0.99       340

    accuracy                           0.99      1066
   macro avg       0.99      0.99      0.99      1066
weighted avg       0.99      0.99      0.99      1066

2026-06-03 13:05:28,897 - INFO - 
=== CONFUSION MATRIX ===
2026-06-03 13:05:28,899 - INFO - 
[[723   3]
 [  5 335]]
2026-06-03 13:05:28,932 - INFO - Model saved to model/cnn_model.h5
2026-06-03 13:05:28,979 - INFO - Tokenizer saved to model/tokenizer.pkl
2026-06-03 13:05:29,192 - INFO - Training charts saved to logs/charts/training_history.png
2026-06-03 13:05:29,192 - INFO - Training complete!
